(gdb) b main
Breakpoint 1 at 0x7b1: file p1original.c, line 19.
(gdb) r
Starting program: /home/runner/pps-IA1-practice/a.out 
warning: Error disabling address space randomization: Operation not permitted

Breakpoint 1, main () at p1original.c:19
19  {
(gdb) n
21    input(&a,&b);
(gdb) n
Enter two number 
1
2
22    add(a,b,&sum);
(gdb) n
23    output(a,b,sum);
(gdb) n
sum of 1 + 2 is 3
24    return 0;
(gdb) c
Continuing.
[Inferior 1 (process 99) exited normally]
(gdb) 
