(gdb) b main
Breakpoint 1 at 0x868: file p5original.c, line 30.
(gdb) r
Starting program: /home/runner/pps-IA1-practice/a.out 
warning: Error disabling address space randomization: Operation not permitted

Breakpoint 1, main () at p5original.c:30
30    n = input();
(gdb) n
Enter a number to find the sqaure root of
5
31    sres = squareroot(n);
(gdb) n
32    output(n, sres);
(gdb) n
Square root of given input 5.00 is = 2.24 
33    return 0;
(gdb) c
Continuing.
[Inferior 1 (process 260) exited normally]
(gdb)
